  ▲ Next.js 14.2.15

   Creating an optimized production build ...
 ✓ Compiled successfully
   Linting and checking validity of types ...
   Collecting page data ...
   Generating static pages (0/10) ...
   Generating static pages (2/10) 
   Generating static pages (4/10) 
   Generating static pages (7/10) 
 ✓ Generating static pages (10/10)
   Finalizing page optimization ...
   Collecting build traces ...

Route (app)                              Size     First Load JS
┌ ○ /                                    3.35 kB        99.9 kB
├ ○ /_not-found                          873 B            88 kB
├ ƒ /api/chat                            0 B                0 B
├ ƒ /api/evaluate                        0 B                0 B
├ ○ /api/selftest                        0 B                0 B
├ ƒ /api/simulation/start                0 B                0 B
├ ○ /report                              12.3 kB         109 kB
└ ○ /simulation                          12.7 kB         109 kB
+ First Load JS shared by all            87.1 kB
  ├ chunks/117-624922780907f1ad.js       31.6 kB
  ├ chunks/fd9d1056-60782db93d271710.js  53.6 kB
  └ other shared chunks (total)          1.89 kB


○  (Static)   prerendered as static content
ƒ  (Dynamic)  server-rendered on demand

